&parser.Bazaar{
  Package: &parser.PackageDecl{
    Domain: []string{
      "calls",
    },
  },
  Decls: []*parser.TopLevelDecl{
    {
      Function: &parser.FunctionDecl{
        Name: "Calls",
        Block: []*parser.Stmt{
          {
            Callable: &parser.CallableStmt{
              Name: &"Print",
              Arguments: []*parser.ArgumentExpr{
                {
                  Expr: &parser.Expr{
                    Unary: &parser.UnaryExpr{
                      Primary: &parser.PrimaryExpr{
                        Literal: &parser.Literal{
                          String: &parser.String{
                            Fragments: []*parser.StringFragment{
                              {
                                Text: &"Hello, world!",
                              },
                            },
                          },
                        },
                      },
                    },
                  },
                },
              },
            },
          },
          {
            Callable: &parser.CallableStmt{
              Name: &"BlockLiteral",
              Arguments: []*parser.ArgumentExpr{
                {
                  Expr: &parser.Expr{
                    Unary: &parser.UnaryExpr{
                      Primary: &parser.PrimaryExpr{
                        Lambda: &parser.LambdaExpr{
                        },
                      },
                    },
                  },
                },
              },
            },
          },
          {
            Callable: &parser.CallableStmt{
              Name: &"NamedArgs",
              Arguments: []*parser.ArgumentExpr{
                {
                  Name: &"first",
                  Expr: &parser.Expr{
                    Unary: &parser.UnaryExpr{
                      Primary: &parser.PrimaryExpr{
                        Literal: &parser.Literal{
                          Number: &"1337",
                        },
                      },
                    },
                  },
                },
                {
                  Name: &"second",
                  Expr: &parser.Expr{
                    Unary: &parser.UnaryExpr{
                      Primary: &parser.PrimaryExpr{
                        Literal: &parser.Literal{
                          String: &parser.String{
                            Fragments: []*parser.StringFragment{
                              {
                                Text: &"second",
                              },
                            },
                          },
                        },
                      },
                    },
                  },
                },
              },
            },
          },
          {
            Callable: &parser.CallableStmt{
              Name: &"TrailingBlockLiteral",
              LambdaOnly: &parser.LambdaExpr{
              },
            },
          },
          {
            Callable: &parser.CallableStmt{
              Name: &"call",
              Arguments: []*parser.ArgumentExpr{
                {
                  Expr: &parser.Expr{
                    Unary: &parser.UnaryExpr{
                      Primary: &parser.PrimaryExpr{
                        Reference: &parser.ReferenceExpr{
                          Name: &"first",
                        },
                      },
                    },
                  },
                },
                {
                  Expr: &parser.Expr{
                    Unary: &parser.UnaryExpr{
                      Primary: &parser.PrimaryExpr{
                        Reference: &parser.ReferenceExpr{
                          Name: &"second",
                        },
                      },
                    },
                  },
                },
              },
            },
          },
        },
      },
    },
  },
}
