&parser.Bazaar{
  Package: &parser.PackageDecl{
    Domain: []string{
      "functions",
    },
  },
  Decls: []*parser.TopLevelDecl{
    {
      Data: &parser.DataDecl{
        Name: "FunctionFields",
        Members: []*parser.MemberDecl{
          {
            Field: &parser.FieldDecl{
              Name: "empty",
              Type: &parser.TypeDecl{
                Function: &parser.FunctionTypeDecl{
                },
              },
            },
          },
          {
            Field: &parser.FieldDecl{
              Name: "add",
              Type: &parser.TypeDecl{
                Function: &parser.FunctionTypeDecl{
                  Parameters: []*parser.TypeDecl{
                    {
                      Value: &"int",
                    },
                    {
                      Value: &"int",
                    },
                  },
                  Return: &parser.TypeDecl{
                    Value: &"int",
                  },
                },
              },
            },
          },
          {
            Field: &parser.FieldDecl{
              Name: "trailingComma",
              Type: &parser.TypeDecl{
                Function: &parser.FunctionTypeDecl{
                  Parameters: []*parser.TypeDecl{
                    {
                      Value: &"int",
                    },
                  },
                },
              },
            },
          },
          {
            Field: &parser.FieldDecl{
              Name: "optional",
              Type: &parser.TypeDecl{
                Function: &parser.FunctionTypeDecl{
                },
                Optional: true,
              },
            },
          },
          {
            Field: &parser.FieldDecl{
              Name: "nestedOptional",
              Type: &parser.TypeDecl{
                Nested: &parser.TypeDecl{
                  Function: &parser.FunctionTypeDecl{
                    Return: &parser.TypeDecl{
                      Value: &"string",
                      Optional: true,
                    },
                  },
                },
                Optional: true,
              },
            },
          },
          {
            Field: &parser.FieldDecl{
              Name: "extraNested",
              Type: &parser.TypeDecl{
                Nested: &parser.TypeDecl{
                  Nested: &parser.TypeDecl{
                    Function: &parser.FunctionTypeDecl{
                    },
                    Optional: true,
                  },
                },
              },
            },
          },
        },
      },
    },
    {
      Function: &parser.FunctionDecl{
        Name: "HigherOrderFunction",
        Return: &parser.TypeDecl{
          Function: &parser.FunctionTypeDecl{
            Return: &parser.TypeDecl{
              Function: &parser.FunctionTypeDecl{
              },
            },
          },
        },
      },
    },
  },
}
