&parser.Bazaar{
  Package: &parser.PackageDecl{
    Domain: []string{
      "imports",
    },
  },
  Imports: []*parser.ImportDecl{
    {
      Domain: []string{
        "foo",
        "bar",
        "baz",
      },
    },
    {
      Domain: []string{
        "foo",
        "bar",
        "baz",
        "Qux",
      },
    },
    {
      Domain: []string{
        "bar",
        "baz",
        "Qux",
      },
      Alias: &"Foo",
    },
    {
      Domain: []string{
        "very",
        "long",
        "path",
        "Component",
      },
      Alias: &"Brief",
    },
    {
      Domain: []string{
        "SomeComponent",
      },
      Alias: &"Short",
    },
    {
      Domain: []string{
        "ui",
        "components",
        "Button",
      },
      Alias: &"Btn",
    },
    {
      Domain: []string{
        "data",
        "models",
        "User",
      },
      Alias: &"UserModel",
    },
  },
}
