&parser.Bazaar{
  Package: &parser.PackageDecl{
    Domain: []string{
      "operators",
    },
  },
  Decls: []*parser.TopLevelDecl{
    {
      Function: &parser.FunctionDecl{
        Name: "Operators",
        Block: []*parser.Stmt{
          {
            If: &parser.IfStmt{
              If: &parser.ConditionalBlock{
                Fragments: []*parser.ConditionalFragment{
                  {
                    Expr: &parser.ControlExpr{
                      Binary: &parser.ControlBinaryExpr{
                        Left: &parser.ControlExpr{
                          Unary: &parser.ControlUnaryExpr{
                            Primary: &parser.ControlPrimaryExpr{
                              Reference: &parser.ControlReferenceExpr{
                                Name: &"x",
                              },
                            },
                          },
                        },
                        Op: token.Op(token.OpLte),
                        Right: &parser.ControlExpr{
                          Unary: &parser.ControlUnaryExpr{
                            Primary: &parser.ControlPrimaryExpr{
                              Reference: &parser.ControlReferenceExpr{
                                Name: &"y",
                              },
                            },
                          },
                        },
                      },
                    },
                  },
                },
              },
            },
          },
          {
            If: &parser.IfStmt{
              If: &parser.ConditionalBlock{
                Fragments: []*parser.ConditionalFragment{
                  {
                    Expr: &parser.ControlExpr{
                      Binary: &parser.ControlBinaryExpr{
                        Left: &parser.ControlExpr{
                          Unary: &parser.ControlUnaryExpr{
                            Primary: &parser.ControlPrimaryExpr{
                              Reference: &parser.ControlReferenceExpr{
                                Name: &"x",
                              },
                            },
                          },
                        },
                        Op: token.Op(token.OpGte),
                        Right: &parser.ControlExpr{
                          Unary: &parser.ControlUnaryExpr{
                            Primary: &parser.ControlPrimaryExpr{
                              Reference: &parser.ControlReferenceExpr{
                                Name: &"z",
                              },
                            },
                          },
                        },
                      },
                    },
                  },
                },
              },
            },
          },
          {
            If: &parser.IfStmt{
              If: &parser.ConditionalBlock{
                Fragments: []*parser.ConditionalFragment{
                  {
                    Expr: &parser.ControlExpr{
                      Binary: &parser.ControlBinaryExpr{
                        Left: &parser.ControlExpr{
                          Binary: &parser.ControlBinaryExpr{
                            Left: &parser.ControlExpr{
                              Binary: &parser.ControlBinaryExpr{
                                Left: &parser.ControlExpr{
                                  Unary: &parser.ControlUnaryExpr{
                                    Primary: &parser.ControlPrimaryExpr{
                                      Reference: &parser.ControlReferenceExpr{
                                        Name: &"a",
                                      },
                                    },
                                  },
                                },
                                Op: token.Op(token.OpLte),
                                Right: &parser.ControlExpr{
                                  Unary: &parser.ControlUnaryExpr{
                                    Primary: &parser.ControlPrimaryExpr{
                                      Reference: &parser.ControlReferenceExpr{
                                        Name: &"b",
                                      },
                                    },
                                  },
                                },
                              },
                            },
                            Op: token.Op(token.OpAnd),
                            Right: &parser.ControlExpr{
                              Unary: &parser.ControlUnaryExpr{
                                Primary: &parser.ControlPrimaryExpr{
                                  Reference: &parser.ControlReferenceExpr{
                                    Name: &"c",
                                  },
                                },
                              },
                            },
                          },
                        },
                        Op: token.Op(token.OpGte),
                        Right: &parser.ControlExpr{
                          Unary: &parser.ControlUnaryExpr{
                            Primary: &parser.ControlPrimaryExpr{
                              Reference: &parser.ControlReferenceExpr{
                                Name: &"d",
                              },
                            },
                          },
                        },
                      },
                    },
                  },
                },
              },
            },
          },
          {
            Var: &parser.VarDeclStmt{
              Dest: &parser.VariableExpr{
                Name: &"negative",
              },
              Source: &parser.Expr{
                Unary: &parser.UnaryExpr{
                  Primary: &parser.PrimaryExpr{
                    Literal: &parser.Literal{
                      Number: &"-42",
                    },
                  },
                },
              },
            },
          },
          {
            Var: &parser.VarDeclStmt{
              Dest: &parser.VariableExpr{
                Name: &"negativeFloat",
              },
              Source: &parser.Expr{
                Unary: &parser.UnaryExpr{
                  Primary: &parser.PrimaryExpr{
                    Literal: &parser.Literal{
                      Number: &"-3.14",
                    },
                  },
                },
              },
            },
          },
          {
            Var: &parser.VarDeclStmt{
              Dest: &parser.VariableExpr{
                Name: &"notValue",
              },
              Source: &parser.Expr{
                Unary: &parser.UnaryExpr{
                  Op: token.Op(token.OpNot),
                  Primary: &parser.PrimaryExpr{
                    Literal: &parser.Literal{
                      Bool: &parser.Bool(true),
                    },
                  },
                },
              },
            },
          },
          {
            Var: &parser.VarDeclStmt{
              Dest: &parser.VariableExpr{
                Name: &"complexNot",
              },
              Source: &parser.Expr{
                Unary: &parser.UnaryExpr{
                  Op: token.Op(token.OpNot),
                  Primary: &parser.PrimaryExpr{
                    Nested: &parser.Expr{
                      Binary: &parser.BinaryExpr{
                        Left: &parser.Expr{
                          Unary: &parser.UnaryExpr{
                            Primary: &parser.PrimaryExpr{
                              Reference: &parser.ReferenceExpr{
                                Name: &"x",
                              },
                            },
                          },
                        },
                        Op: token.Op(token.OpAnd),
                        Right: &parser.Expr{
                          Unary: &parser.UnaryExpr{
                            Primary: &parser.PrimaryExpr{
                              Reference: &parser.ReferenceExpr{
                                Name: &"y",
                              },
                            },
                          },
                        },
                      },
                    },
                  },
                },
              },
            },
          },
          {
            Var: &parser.VarDeclStmt{
              Dest: &parser.VariableExpr{
                Name: &"arithmetic",
              },
              Source: &parser.Expr{
                Binary: &parser.BinaryExpr{
                  Left: &parser.Expr{
                    Binary: &parser.BinaryExpr{
                      Left: &parser.Expr{
                        Unary: &parser.UnaryExpr{
                          Primary: &parser.PrimaryExpr{
                            Reference: &parser.ReferenceExpr{
                              Name: &"a",
                            },
                          },
                        },
                      },
                      Op: token.Op(token.OpAdd),
                      Right: &parser.Expr{
                        Unary: &parser.UnaryExpr{
                          Primary: &parser.PrimaryExpr{
                            Reference: &parser.ReferenceExpr{
                              Name: &"b",
                            },
                          },
                        },
                      },
                    },
                  },
                  Op: token.Op(token.OpSub),
                  Right: &parser.Expr{
                    Binary: &parser.BinaryExpr{
                      Left: &parser.Expr{
                        Binary: &parser.BinaryExpr{
                          Left: &parser.Expr{
                            Binary: &parser.BinaryExpr{
                              Left: &parser.Expr{
                                Unary: &parser.UnaryExpr{
                                  Primary: &parser.PrimaryExpr{
                                    Reference: &parser.ReferenceExpr{
                                      Name: &"c",
                                    },
                                  },
                                },
                              },
                              Op: token.Op(token.OpMul),
                              Right: &parser.Expr{
                                Unary: &parser.UnaryExpr{
                                  Primary: &parser.PrimaryExpr{
                                    Reference: &parser.ReferenceExpr{
                                      Name: &"d",
                                    },
                                  },
                                },
                              },
                            },
                          },
                          Op: token.Op(token.OpDiv),
                          Right: &parser.Expr{
                            Unary: &parser.UnaryExpr{
                              Primary: &parser.PrimaryExpr{
                                Reference: &parser.ReferenceExpr{
                                  Name: &"e",
                                },
                              },
                            },
                          },
                        },
                      },
                      Op: token.Op(token.OpMod),
                      Right: &parser.Expr{
                        Unary: &parser.UnaryExpr{
                          Primary: &parser.PrimaryExpr{
                            Reference: &parser.ReferenceExpr{
                              Name: &"f",
                            },
                          },
                        },
                      },
                    },
                  },
                },
              },
            },
          },
          {
            If: &parser.IfStmt{
              If: &parser.ConditionalBlock{
                Fragments: []*parser.ConditionalFragment{
                  {
                    Expr: &parser.ControlExpr{
                      Binary: &parser.ControlBinaryExpr{
                        Left: &parser.ControlExpr{
                          Binary: &parser.ControlBinaryExpr{
                            Left: &parser.ControlExpr{
                              Binary: &parser.ControlBinaryExpr{
                                Left: &parser.ControlExpr{
                                  Binary: &parser.ControlBinaryExpr{
                                    Left: &parser.ControlExpr{
                                      Binary: &parser.ControlBinaryExpr{
                                        Left: &parser.ControlExpr{
                                          Binary: &parser.ControlBinaryExpr{
                                            Left: &parser.ControlExpr{
                                              Binary: &parser.ControlBinaryExpr{
                                                Left: &parser.ControlExpr{
                                                  Binary: &parser.ControlBinaryExpr{
                                                    Left: &parser.ControlExpr{
                                                      Binary: &parser.ControlBinaryExpr{
                                                        Left: &parser.ControlExpr{
                                                          Binary: &parser.ControlBinaryExpr{
                                                            Left: &parser.ControlExpr{
                                                              Binary: &parser.ControlBinaryExpr{
                                                                Left: &parser.ControlExpr{
                                                                  Unary: &parser.ControlUnaryExpr{
                                                                    Primary: &parser.ControlPrimaryExpr{
                                                                      Reference: &parser.ControlReferenceExpr{
                                                                        Name: &"a",
                                                                      },
                                                                    },
                                                                  },
                                                                },
                                                                Op: token.Op(token.OpLt),
                                                                Right: &parser.ControlExpr{
                                                                  Unary: &parser.ControlUnaryExpr{
                                                                    Primary: &parser.ControlPrimaryExpr{
                                                                      Reference: &parser.ControlReferenceExpr{
                                                                        Name: &"b",
                                                                      },
                                                                    },
                                                                  },
                                                                },
                                                              },
                                                            },
                                                            Op: token.Op(token.OpAnd),
                                                            Right: &parser.ControlExpr{
                                                              Unary: &parser.ControlUnaryExpr{
                                                                Primary: &parser.ControlPrimaryExpr{
                                                                  Reference: &parser.ControlReferenceExpr{
                                                                    Name: &"b",
                                                                  },
                                                                },
                                                              },
                                                            },
                                                          },
                                                        },
                                                        Op: token.Op(token.OpLte),
                                                        Right: &parser.ControlExpr{
                                                          Unary: &parser.ControlUnaryExpr{
                                                            Primary: &parser.ControlPrimaryExpr{
                                                              Reference: &parser.ControlReferenceExpr{
                                                                Name: &"c",
                                                              },
                                                            },
                                                          },
                                                        },
                                                      },
                                                    },
                                                    Op: token.Op(token.OpAnd),
                                                    Right: &parser.ControlExpr{
                                                      Unary: &parser.ControlUnaryExpr{
                                                        Primary: &parser.ControlPrimaryExpr{
                                                          Reference: &parser.ControlReferenceExpr{
                                                            Name: &"c",
                                                          },
                                                        },
                                                      },
                                                    },
                                                  },
                                                },
                                                Op: token.Op(token.OpEql),
                                                Right: &parser.ControlExpr{
                                                  Unary: &parser.ControlUnaryExpr{
                                                    Primary: &parser.ControlPrimaryExpr{
                                                      Reference: &parser.ControlReferenceExpr{
                                                        Name: &"d",
                                                      },
                                                    },
                                                  },
                                                },
                                              },
                                            },
                                            Op: token.Op(token.OpAnd),
                                            Right: &parser.ControlExpr{
                                              Unary: &parser.ControlUnaryExpr{
                                                Primary: &parser.ControlPrimaryExpr{
                                                  Reference: &parser.ControlReferenceExpr{
                                                    Name: &"d",
                                                  },
                                                },
                                              },
                                            },
                                          },
                                        },
                                        Op: token.Op(token.OpNotEql),
                                        Right: &parser.ControlExpr{
                                          Unary: &parser.ControlUnaryExpr{
                                            Primary: &parser.ControlPrimaryExpr{
                                              Reference: &parser.ControlReferenceExpr{
                                                Name: &"e",
                                              },
                                            },
                                          },
                                        },
                                      },
                                    },
                                    Op: token.Op(token.OpAnd),
                                    Right: &parser.ControlExpr{
                                      Unary: &parser.ControlUnaryExpr{
                                        Primary: &parser.ControlPrimaryExpr{
                                          Reference: &parser.ControlReferenceExpr{
                                            Name: &"e",
                                          },
                                        },
                                      },
                                    },
                                  },
                                },
                                Op: token.Op(token.OpGte),
                                Right: &parser.ControlExpr{
                                  Unary: &parser.ControlUnaryExpr{
                                    Primary: &parser.ControlPrimaryExpr{
                                      Reference: &parser.ControlReferenceExpr{
                                        Name: &"f",
                                      },
                                    },
                                  },
                                },
                              },
                            },
                            Op: token.Op(token.OpAnd),
                            Right: &parser.ControlExpr{
                              Unary: &parser.ControlUnaryExpr{
                                Primary: &parser.ControlPrimaryExpr{
                                  Reference: &parser.ControlReferenceExpr{
                                    Name: &"f",
                                  },
                                },
                              },
                            },
                          },
                        },
                        Op: token.Op(token.OpGt),
                        Right: &parser.ControlExpr{
                          Unary: &parser.ControlUnaryExpr{
                            Primary: &parser.ControlPrimaryExpr{
                              Reference: &parser.ControlReferenceExpr{
                                Name: &"g",
                              },
                            },
                          },
                        },
                      },
                    },
                  },
                },
              },
            },
          },
          {
            Var: &parser.VarDeclStmt{
              Dest: &parser.VariableExpr{
                Name: &"grouped",
              },
              Source: &parser.Expr{
                Binary: &parser.BinaryExpr{
                  Left: &parser.Expr{
                    Unary: &parser.UnaryExpr{
                      Primary: &parser.PrimaryExpr{
                        Nested: &parser.Expr{
                          Binary: &parser.BinaryExpr{
                            Left: &parser.Expr{
                              Unary: &parser.UnaryExpr{
                                Primary: &parser.PrimaryExpr{
                                  Reference: &parser.ReferenceExpr{
                                    Name: &"a",
                                  },
                                },
                              },
                            },
                            Op: token.Op(token.OpAdd),
                            Right: &parser.Expr{
                              Unary: &parser.UnaryExpr{
                                Primary: &parser.PrimaryExpr{
                                  Reference: &parser.ReferenceExpr{
                                    Name: &"b",
                                  },
                                },
                              },
                            },
                          },
                        },
                      },
                    },
                  },
                  Op: token.Op(token.OpMul),
                  Right: &parser.Expr{
                    Unary: &parser.UnaryExpr{
                      Primary: &parser.PrimaryExpr{
                        Nested: &parser.Expr{
                          Binary: &parser.BinaryExpr{
                            Left: &parser.Expr{
                              Unary: &parser.UnaryExpr{
                                Primary: &parser.PrimaryExpr{
                                  Reference: &parser.ReferenceExpr{
                                    Name: &"c",
                                  },
                                },
                              },
                            },
                            Op: token.Op(token.OpSub),
                            Right: &parser.Expr{
                              Unary: &parser.UnaryExpr{
                                Primary: &parser.PrimaryExpr{
                                  Reference: &parser.ReferenceExpr{
                                    Name: &"d",
                                  },
                                },
                              },
                            },
                          },
                        },
                      },
                    },
                  },
                },
              },
            },
          },
          {
            Var: &parser.VarDeclStmt{
              Dest: &parser.VariableExpr{
                Name: &"unaryPrecedence",
              },
              Source: &parser.Expr{
                Binary: &parser.BinaryExpr{
                  Left: &parser.Expr{
                    Unary: &parser.UnaryExpr{
                      Op: token.Op(token.OpSub),
                      Primary: &parser.PrimaryExpr{
                        Reference: &parser.ReferenceExpr{
                          Name: &"a",
                        },
                      },
                    },
                  },
                  Op: token.Op(token.OpAdd),
                  Right: &parser.Expr{
                    Unary: &parser.UnaryExpr{
                      Primary: &parser.PrimaryExpr{
                        Reference: &parser.ReferenceExpr{
                          Name: &"b",
                        },
                      },
                    },
                  },
                },
              },
            },
          },
          {
            Var: &parser.VarDeclStmt{
              Dest: &parser.VariableExpr{
                Name: &"precedenceTest",
              },
              Source: &parser.Expr{
                Binary: &parser.BinaryExpr{
                  Left: &parser.Expr{
                    Binary: &parser.BinaryExpr{
                      Left: &parser.Expr{
                        Unary: &parser.UnaryExpr{
                          Primary: &parser.PrimaryExpr{
                            Reference: &parser.ReferenceExpr{
                              Name: &"a",
                            },
                          },
                        },
                      },
                      Op: token.Op(token.OpAdd),
                      Right: &parser.Expr{
                        Binary: &parser.BinaryExpr{
                          Left: &parser.Expr{
                            Unary: &parser.UnaryExpr{
                              Primary: &parser.PrimaryExpr{
                                Reference: &parser.ReferenceExpr{
                                  Name: &"b",
                                },
                              },
                            },
                          },
                          Op: token.Op(token.OpMul),
                          Right: &parser.Expr{
                            Unary: &parser.UnaryExpr{
                              Primary: &parser.PrimaryExpr{
                                Reference: &parser.ReferenceExpr{
                                  Name: &"c",
                                },
                              },
                            },
                          },
                        },
                      },
                    },
                  },
                  Op: token.Op(token.OpSub),
                  Right: &parser.Expr{
                    Binary: &parser.BinaryExpr{
                      Left: &parser.Expr{
                        Binary: &parser.BinaryExpr{
                          Left: &parser.Expr{
                            Unary: &parser.UnaryExpr{
                              Primary: &parser.PrimaryExpr{
                                Reference: &parser.ReferenceExpr{
                                  Name: &"d",
                                },
                              },
                            },
                          },
                          Op: token.Op(token.OpDiv),
                          Right: &parser.Expr{
                            Unary: &parser.UnaryExpr{
                              Primary: &parser.PrimaryExpr{
                                Reference: &parser.ReferenceExpr{
                                  Name: &"e",
                                },
                              },
                            },
                          },
                        },
                      },
                      Op: token.Op(token.OpMod),
                      Right: &parser.Expr{
                        Unary: &parser.UnaryExpr{
                          Primary: &parser.PrimaryExpr{
                            Reference: &parser.ReferenceExpr{
                              Name: &"f",
                            },
                          },
                        },
                      },
                    },
                  },
                },
              },
            },
          },
          {
            Var: &parser.VarDeclStmt{
              Dest: &parser.VariableExpr{
                Name: &"mixedPrecedence",
              },
              Source: &parser.Expr{
                Binary: &parser.BinaryExpr{
                  Left: &parser.Expr{
                    Binary: &parser.BinaryExpr{
                      Left: &parser.Expr{
                        Binary: &parser.BinaryExpr{
                          Left: &parser.Expr{
                            Binary: &parser.BinaryExpr{
                              Left: &parser.Expr{
                                Unary: &parser.UnaryExpr{
                                  Op: token.Op(token.OpNot),
                                  Primary: &parser.PrimaryExpr{
                                    Reference: &parser.ReferenceExpr{
                                      Name: &"flag",
                                    },
                                  },
                                },
                              },
                              Op: token.Op(token.OpAnd),
                              Right: &parser.Expr{
                                Unary: &parser.UnaryExpr{
                                  Primary: &parser.PrimaryExpr{
                                    Reference: &parser.ReferenceExpr{
                                      Name: &"x",
                                    },
                                  },
                                },
                              },
                            },
                          },
                          Op: token.Op(token.OpLt),
                          Right: &parser.Expr{
                            Unary: &parser.UnaryExpr{
                              Primary: &parser.PrimaryExpr{
                                Reference: &parser.ReferenceExpr{
                                  Name: &"y",
                                },
                              },
                            },
                          },
                        },
                      },
                      Op: token.Op(token.OpOr),
                      Right: &parser.Expr{
                        Unary: &parser.UnaryExpr{
                          Primary: &parser.PrimaryExpr{
                            Reference: &parser.ReferenceExpr{
                              Name: &"z",
                            },
                          },
                        },
                      },
                    },
                  },
                  Op: token.Op(token.OpGte),
                  Right: &parser.Expr{
                    Unary: &parser.UnaryExpr{
                      Primary: &parser.PrimaryExpr{
                        Reference: &parser.ReferenceExpr{
                          Name: &"w",
                        },
                      },
                    },
                  },
                },
              },
            },
          },
          {
            Var: &parser.VarDeclStmt{
              Dest: &parser.VariableExpr{
                Name: &"negInt",
              },
              Source: &parser.Expr{
                Unary: &parser.UnaryExpr{
                  Primary: &parser.PrimaryExpr{
                    Literal: &parser.Literal{
                      Number: &"-123",
                    },
                  },
                },
              },
            },
          },
          {
            Var: &parser.VarDeclStmt{
              Dest: &parser.VariableExpr{
                Name: &"negFloat",
              },
              Source: &parser.Expr{
                Unary: &parser.UnaryExpr{
                  Primary: &parser.PrimaryExpr{
                    Literal: &parser.Literal{
                      Number: &"-45.67",
                    },
                  },
                },
              },
            },
          },
          {
            Var: &parser.VarDeclStmt{
              Dest: &parser.VariableExpr{
                Name: &"negVar",
              },
              Source: &parser.Expr{
                Unary: &parser.UnaryExpr{
                  Op: token.Op(token.OpSub),
                  Primary: &parser.PrimaryExpr{
                    Reference: &parser.ReferenceExpr{
                      Name: &"someValue",
                    },
                  },
                },
              },
            },
          },
          {
            Var: &parser.VarDeclStmt{
              Dest: &parser.VariableExpr{
                Name: &"logicalComplex",
              },
              Source: &parser.Expr{
                Binary: &parser.BinaryExpr{
                  Left: &parser.Expr{
                    Unary: &parser.UnaryExpr{
                      Primary: &parser.PrimaryExpr{
                        Nested: &parser.Expr{
                          Binary: &parser.BinaryExpr{
                            Left: &parser.Expr{
                              Unary: &parser.UnaryExpr{
                                Primary: &parser.PrimaryExpr{
                                  Reference: &parser.ReferenceExpr{
                                    Name: &"a",
                                  },
                                },
                              },
                            },
                            Op: token.Op(token.OpAnd),
                            Right: &parser.Expr{
                              Unary: &parser.UnaryExpr{
                                Primary: &parser.PrimaryExpr{
                                  Reference: &parser.ReferenceExpr{
                                    Name: &"b",
                                  },
                                },
                              },
                            },
                          },
                        },
                      },
                    },
                  },
                  Op: token.Op(token.OpOr),
                  Right: &parser.Expr{
                    Unary: &parser.UnaryExpr{
                      Primary: &parser.PrimaryExpr{
                        Nested: &parser.Expr{
                          Binary: &parser.BinaryExpr{
                            Left: &parser.Expr{
                              Unary: &parser.UnaryExpr{
                                Primary: &parser.PrimaryExpr{
                                  Reference: &parser.ReferenceExpr{
                                    Name: &"c",
                                  },
                                },
                              },
                            },
                            Op: token.Op(token.OpAnd),
                            Right: &parser.Expr{
                              Unary: &parser.UnaryExpr{
                                Primary: &parser.PrimaryExpr{
                                  Reference: &parser.ReferenceExpr{
                                    Name: &"d",
                                  },
                                },
                              },
                            },
                          },
                        },
                      },
                    },
                  },
                },
              },
            },
          },
          {
            If: &parser.IfStmt{
              If: &parser.ConditionalBlock{
                Fragments: []*parser.ConditionalFragment{
                  {
                    Expr: &parser.ControlExpr{
                      Binary: &parser.ControlBinaryExpr{
                        Left: &parser.ControlExpr{
                          Unary: &parser.ControlUnaryExpr{
                            Op: token.Op(token.OpNot),
                            Primary: &parser.ControlPrimaryExpr{
                              Nested: &parser.ControlExpr{
                                Binary: &parser.ControlBinaryExpr{
                                  Left: &parser.ControlExpr{
                                    Unary: &parser.ControlUnaryExpr{
                                      Primary: &parser.ControlPrimaryExpr{
                                        Reference: &parser.ControlReferenceExpr{
                                          Name: &"x",
                                        },
                                      },
                                    },
                                  },
                                  Op: token.Op(token.OpOr),
                                  Right: &parser.ControlExpr{
                                    Unary: &parser.ControlUnaryExpr{
                                      Primary: &parser.ControlPrimaryExpr{
                                        Reference: &parser.ControlReferenceExpr{
                                          Name: &"y",
                                        },
                                      },
                                    },
                                  },
                                },
                              },
                            },
                          },
                        },
                        Op: token.Op(token.OpAnd),
                        Right: &parser.ControlExpr{
                          Unary: &parser.ControlUnaryExpr{
                            Primary: &parser.ControlPrimaryExpr{
                              Reference: &parser.ControlReferenceExpr{
                                Name: &"z",
                              },
                            },
                          },
                        },
                      },
                    },
                  },
                },
              },
            },
          },
          {
            Var: &parser.VarDeclStmt{
              Dest: &parser.VariableExpr{
                Name: &"result",
              },
              Source: &parser.Expr{
                Binary: &parser.BinaryExpr{
                  Left: &parser.Expr{
                    Unary: &parser.UnaryExpr{
                      Primary: &parser.PrimaryExpr{
                        Reference: &parser.ReferenceExpr{
                          Name: &"value",
                        },
                      },
                    },
                  },
                  Op: token.Op(token.OpCoalesce),
                  Right: &parser.Expr{
                    Unary: &parser.UnaryExpr{
                      Primary: &parser.PrimaryExpr{
                        Literal: &parser.Literal{
                          String: &parser.String{
                            Fragments: []*parser.StringFragment{
                              {
                                Text: &"default",
                              },
                            },
                          },
                        },
                      },
                    },
                  },
                },
              },
            },
          },
          {
            Var: &parser.VarDeclStmt{
              Dest: &parser.VariableExpr{
                Name: &"chained",
              },
              Source: &parser.Expr{
                Binary: &parser.BinaryExpr{
                  Left: &parser.Expr{
                    Unary: &parser.UnaryExpr{
                      Primary: &parser.PrimaryExpr{
                        Reference: &parser.ReferenceExpr{
                          Name: &"a",
                        },
                      },
                    },
                  },
                  Op: token.Op(token.OpCoalesce),
                  Right: &parser.Expr{
                    Binary: &parser.BinaryExpr{
                      Left: &parser.Expr{
                        Unary: &parser.UnaryExpr{
                          Primary: &parser.PrimaryExpr{
                            Reference: &parser.ReferenceExpr{
                              Name: &"b",
                            },
                          },
                        },
                      },
                      Op: token.Op(token.OpCoalesce),
                      Right: &parser.Expr{
                        Unary: &parser.UnaryExpr{
                          Primary: &parser.PrimaryExpr{
                            Reference: &parser.ReferenceExpr{
                              Name: &"c",
                            },
                          },
                        },
                      },
                    },
                  },
                },
              },
            },
          },
          {
            Var: &parser.VarDeclStmt{
              Dest: &parser.VariableExpr{
                Name: &"complex",
              },
              Source: &parser.Expr{
                Binary: &parser.BinaryExpr{
                  Left: &parser.Expr{
                    Unary: &parser.UnaryExpr{
                      Primary: &parser.PrimaryExpr{
                        Nested: &parser.Expr{
                          Binary: &parser.BinaryExpr{
                            Left: &parser.Expr{
                              Unary: &parser.UnaryExpr{
                                Primary: &parser.PrimaryExpr{
                                  Reference: &parser.ReferenceExpr{
                                    Name: &"obj",
                                    KeyPath: &parser.KeyPathExpr{
                                      Optional: true,
                                      Reference: &parser.ReferenceExpr{
                                        Name: &"count",
                                      },
                                    },
                                  },
                                },
                              },
                            },
                            Op: token.Op(token.OpCoalesce),
                            Right: &parser.Expr{
                              Unary: &parser.UnaryExpr{
                                Primary: &parser.PrimaryExpr{
                                  Literal: &parser.Literal{
                                    Number: &"0",
                                  },
                                },
                              },
                            },
                          },
                        },
                      },
                    },
                  },
                  Op: token.Op(token.OpAdd),
                  Right: &parser.Expr{
                    Unary: &parser.UnaryExpr{
                      Primary: &parser.PrimaryExpr{
                        Literal: &parser.Literal{
                          Number: &"1",
                        },
                      },
                    },
                  },
                },
              },
            },
          },
          {
            Var: &parser.VarDeclStmt{
              Dest: &parser.VariableExpr{
                Name: &"power",
              },
              Source: &parser.Expr{
                Binary: &parser.BinaryExpr{
                  Left: &parser.Expr{
                    Unary: &parser.UnaryExpr{
                      Primary: &parser.PrimaryExpr{
                        Reference: &parser.ReferenceExpr{
                          Name: &"base",
                        },
                      },
                    },
                  },
                  Op: token.Op(token.OpPow),
                  Right: &parser.Expr{
                    Unary: &parser.UnaryExpr{
                      Primary: &parser.PrimaryExpr{
                        Reference: &parser.ReferenceExpr{
                          Name: &"exponent",
                        },
                      },
                    },
                  },
                },
              },
            },
          },
          {
            Var: &parser.VarDeclStmt{
              Dest: &parser.VariableExpr{
                Name: &"rightAssociative",
              },
              Source: &parser.Expr{
                Binary: &parser.BinaryExpr{
                  Left: &parser.Expr{
                    Unary: &parser.UnaryExpr{
                      Primary: &parser.PrimaryExpr{
                        Literal: &parser.Literal{
                          Number: &"2",
                        },
                      },
                    },
                  },
                  Op: token.Op(token.OpPow),
                  Right: &parser.Expr{
                    Binary: &parser.BinaryExpr{
                      Left: &parser.Expr{
                        Unary: &parser.UnaryExpr{
                          Primary: &parser.PrimaryExpr{
                            Literal: &parser.Literal{
                              Number: &"3",
                            },
                          },
                        },
                      },
                      Op: token.Op(token.OpPow),
                      Right: &parser.Expr{
                        Unary: &parser.UnaryExpr{
                          Primary: &parser.PrimaryExpr{
                            Literal: &parser.Literal{
                              Number: &"2",
                            },
                          },
                        },
                      },
                    },
                  },
                },
              },
            },
          },
          {
            Var: &parser.VarDeclStmt{
              Dest: &parser.VariableExpr{
                Name: &"precedenceTest",
              },
              Source: &parser.Expr{
                Binary: &parser.BinaryExpr{
                  Left: &parser.Expr{
                    Unary: &parser.UnaryExpr{
                      Primary: &parser.PrimaryExpr{
                        Literal: &parser.Literal{
                          Number: &"2",
                        },
                      },
                    },
                  },
                  Op: token.Op(token.OpAdd),
                  Right: &parser.Expr{
                    Binary: &parser.BinaryExpr{
                      Left: &parser.Expr{
                        Binary: &parser.BinaryExpr{
                          Left: &parser.Expr{
                            Unary: &parser.UnaryExpr{
                              Primary: &parser.PrimaryExpr{
                                Literal: &parser.Literal{
                                  Number: &"3",
                                },
                              },
                            },
                          },
                          Op: token.Op(token.OpPow),
                          Right: &parser.Expr{
                            Unary: &parser.UnaryExpr{
                              Primary: &parser.PrimaryExpr{
                                Literal: &parser.Literal{
                                  Number: &"2",
                                },
                              },
                            },
                          },
                        },
                      },
                      Op: token.Op(token.OpMul),
                      Right: &parser.Expr{
                        Unary: &parser.UnaryExpr{
                          Primary: &parser.PrimaryExpr{
                            Literal: &parser.Literal{
                              Number: &"4",
                            },
                          },
                        },
                      },
                    },
                  },
                },
              },
            },
          },
          {
            Var: &parser.VarDeclStmt{
              Dest: &parser.VariableExpr{
                Name: &"unaryInteraction",
              },
              Source: &parser.Expr{
                Binary: &parser.BinaryExpr{
                  Left: &parser.Expr{
                    Unary: &parser.UnaryExpr{
                      Primary: &parser.PrimaryExpr{
                        Literal: &parser.Literal{
                          Number: &"-2",
                        },
                      },
                    },
                  },
                  Op: token.Op(token.OpPow),
                  Right: &parser.Expr{
                    Unary: &parser.UnaryExpr{
                      Primary: &parser.PrimaryExpr{
                        Literal: &parser.Literal{
                          Number: &"2",
                        },
                      },
                    },
                  },
                },
              },
            },
          },
          {
            Var: &parser.VarDeclStmt{
              Dest: &parser.VariableExpr{
                Name: &"parentheses",
              },
              Source: &parser.Expr{
                Binary: &parser.BinaryExpr{
                  Left: &parser.Expr{
                    Unary: &parser.UnaryExpr{
                      Primary: &parser.PrimaryExpr{
                        Nested: &parser.Expr{
                          Binary: &parser.BinaryExpr{
                            Left: &parser.Expr{
                              Unary: &parser.UnaryExpr{
                                Primary: &parser.PrimaryExpr{
                                  Literal: &parser.Literal{
                                    Number: &"2",
                                  },
                                },
                              },
                            },
                            Op: token.Op(token.OpAdd),
                            Right: &parser.Expr{
                              Unary: &parser.UnaryExpr{
                                Primary: &parser.PrimaryExpr{
                                  Literal: &parser.Literal{
                                    Number: &"3",
                                  },
                                },
                              },
                            },
                          },
                        },
                      },
                    },
                  },
                  Op: token.Op(token.OpPow),
                  Right: &parser.Expr{
                    Unary: &parser.UnaryExpr{
                      Primary: &parser.PrimaryExpr{
                        Literal: &parser.Literal{
                          Number: &"2",
                        },
                      },
                    },
                  },
                },
              },
            },
          },
          {
            Var: &parser.VarDeclStmt{
              Dest: &parser.VariableExpr{
                Name: &"floatingPoint",
              },
              Source: &parser.Expr{
                Binary: &parser.BinaryExpr{
                  Left: &parser.Expr{
                    Unary: &parser.UnaryExpr{
                      Primary: &parser.PrimaryExpr{
                        Literal: &parser.Literal{
                          Number: &"2.5",
                        },
                      },
                    },
                  },
                  Op: token.Op(token.OpPow),
                  Right: &parser.Expr{
                    Unary: &parser.UnaryExpr{
                      Primary: &parser.PrimaryExpr{
                        Literal: &parser.Literal{
                          Number: &"3",
                        },
                      },
                    },
                  },
                },
              },
            },
          },
          {
            Var: &parser.VarDeclStmt{
              Dest: &parser.VariableExpr{
                Name: &"scientific",
              },
              Source: &parser.Expr{
                Unary: &parser.UnaryExpr{
                  Primary: &parser.PrimaryExpr{
                    Literal: &parser.Literal{
                      Number: &"1.5e10",
                    },
                  },
                },
              },
            },
          },
          {
            Var: &parser.VarDeclStmt{
              Dest: &parser.VariableExpr{
                Name: &"negative",
              },
              Source: &parser.Expr{
                Unary: &parser.UnaryExpr{
                  Primary: &parser.PrimaryExpr{
                    Literal: &parser.Literal{
                      Number: &"2.3e-5",
                    },
                  },
                },
              },
            },
          },
          {
            Var: &parser.VarDeclStmt{
              Dest: &parser.VariableExpr{
                Name: &"uppercase",
              },
              Source: &parser.Expr{
                Unary: &parser.UnaryExpr{
                  Primary: &parser.PrimaryExpr{
                    Literal: &parser.Literal{
                      Number: &"1E3",
                    },
                  },
                },
              },
            },
          },
          {
            Var: &parser.VarDeclStmt{
              Dest: &parser.VariableExpr{
                Name: &"zeroExponent",
              },
              Source: &parser.Expr{
                Unary: &parser.UnaryExpr{
                  Primary: &parser.PrimaryExpr{
                    Literal: &parser.Literal{
                      Number: &"3.14e0",
                    },
                  },
                },
              },
            },
          },
          {
            Var: &parser.VarDeclStmt{
              Dest: &parser.VariableExpr{
                Name: &"explicitPlus",
              },
              Source: &parser.Expr{
                Unary: &parser.UnaryExpr{
                  Primary: &parser.PrimaryExpr{
                    Literal: &parser.Literal{
                      Number: &"1e+5",
                    },
                  },
                },
              },
            },
          },
          {
            Var: &parser.VarDeclStmt{
              Dest: &parser.VariableExpr{
                Name: &"mixed",
              },
              Source: &parser.Expr{
                Binary: &parser.BinaryExpr{
                  Left: &parser.Expr{
                    Unary: &parser.UnaryExpr{
                      Primary: &parser.PrimaryExpr{
                        Literal: &parser.Literal{
                          Number: &"1e3",
                        },
                      },
                    },
                  },
                  Op: token.Op(token.OpAdd),
                  Right: &parser.Expr{
                    Unary: &parser.UnaryExpr{
                      Primary: &parser.PrimaryExpr{
                        Literal: &parser.Literal{
                          Number: &"2e2",
                        },
                      },
                    },
                  },
                },
              },
            },
          },
          {
            Var: &parser.VarDeclStmt{
              Dest: &parser.VariableExpr{
                Name: &"complex",
              },
              Source: &parser.Expr{
                Binary: &parser.BinaryExpr{
                  Left: &parser.Expr{
                    Unary: &parser.UnaryExpr{
                      Primary: &parser.PrimaryExpr{
                        Literal: &parser.Literal{
                          Number: &"2.5e2",
                        },
                      },
                    },
                  },
                  Op: token.Op(token.OpMul),
                  Right: &parser.Expr{
                    Unary: &parser.UnaryExpr{
                      Primary: &parser.PrimaryExpr{
                        Literal: &parser.Literal{
                          Number: &"3e-1",
                        },
                      },
                    },
                  },
                },
              },
            },
          },
          {
            Var: &parser.VarDeclStmt{
              Dest: &parser.VariableExpr{
                Name: &"precedence",
              },
              Source: &parser.Expr{
                Binary: &parser.BinaryExpr{
                  Left: &parser.Expr{
                    Unary: &parser.UnaryExpr{
                      Primary: &parser.PrimaryExpr{
                        Literal: &parser.Literal{
                          Number: &"1e2",
                        },
                      },
                    },
                  },
                  Op: token.Op(token.OpPow),
                  Right: &parser.Expr{
                    Unary: &parser.UnaryExpr{
                      Primary: &parser.PrimaryExpr{
                        Literal: &parser.Literal{
                          Number: &"2",
                        },
                      },
                    },
                  },
                },
              },
            },
          },
          {
            Var: &parser.VarDeclStmt{
              Dest: &parser.VariableExpr{
                Name: &"floating",
              },
              Source: &parser.Expr{
                Binary: &parser.BinaryExpr{
                  Left: &parser.Expr{
                    Unary: &parser.UnaryExpr{
                      Primary: &parser.PrimaryExpr{
                        Literal: &parser.Literal{
                          Number: &"1.25e-2",
                        },
                      },
                    },
                  },
                  Op: token.Op(token.OpDiv),
                  Right: &parser.Expr{
                    Unary: &parser.UnaryExpr{
                      Primary: &parser.PrimaryExpr{
                        Literal: &parser.Literal{
                          Number: &"5e-3",
                        },
                      },
                    },
                  },
                },
              },
            },
          },
        },
      },
    },
  },
}
